--------------------------------------------------------------------------------
Release 14.1 Trace  (nt64)
Copyright (c) 1995-2012 Xilinx, Inc.  All rights reserved.

C:\Xilinx\14.1\ISE_DS\ISE\bin\nt64\unwrapped\trce.exe -intstyle ise -v 3 -s 3
-n 3 -fastpaths -xml compuertas.twx compuertas.ncd -o compuertas.twr
compuertas.pcf

Design file:              compuertas.ncd
Physical constraint file: compuertas.pcf
Device,package,speed:     xc6slx45,csg484,C,-3 (PRODUCTION 1.21 2012-04-23)
Report level:             verbose report

Environment Variable      Effect 
--------------------      ------ 
NONE                      No environment variables were set
--------------------------------------------------------------------------------

INFO:Timing:2698 - No timing constraints found, doing default enumeration.
INFO:Timing:3412 - To improve timing, see the Timing Closure User Guide (UG612).
INFO:Timing:2752 - To get complete path coverage, use the unconstrained paths 
   option. All paths that are not constrained will be reported in the 
   unconstrained paths section(s) of the report.
INFO:Timing:3339 - The clock-to-out numbers in this timing report are based on 
   a 50 Ohm transmission line loading model.  For the details of this model, 
   and for more information on accounting for different loading conditions, 
   please see the device datasheet.



Data Sheet report:
-----------------
All values displayed in nanoseconds (ns)

Pad to Pad
---------------+---------------+---------+
Source Pad     |Destination Pad|  Delay  |
---------------+---------------+---------+
A              |y<0>           |    6.386|
A              |y<2>           |    6.476|
A              |y<3>           |    6.401|
A              |y<4>           |    7.884|
A              |y<5>           |    7.325|
A              |y<6>           |    6.769|
A              |y<7>           |    6.882|
A              |y<8>           |    5.622|
B              |y<1>           |    5.929|
B              |y<2>           |    6.961|
B              |y<3>           |    6.886|
B              |y<4>           |    7.356|
B              |y<5>           |    6.797|
B              |y<6>           |    6.635|
B              |y<7>           |    6.748|
---------------+---------------+---------+


Analysis completed Thu Feb 16 10:09:19 2017 
--------------------------------------------------------------------------------

Trace Settings:
-------------------------
Trace Settings 

Peak Memory Usage: 261 MB



